<html>
<body>
<pre>
<h1>µVision Build Log</h1>
<h2>Tool Versions:</h2>
IDE-Version: ¦ÌVision V5.39.0.0
Copyright (C) 2023 ARM Ltd and ARM Germany GmbH. All rights reserved.
License Information: 1 2654144908@qq.com, 2, LIC=UJWP0-BJ00X-AR3XW-Q22DN-C4LU6-97SQS
 
Tool Versions:
Toolchain:       MDK-ARM Plus  Version: 5.39.0.0
Toolchain Path:  D:\Keil5\ARM\ARMCC\Bin
C Compiler:      Armcc.exe V5.06 update 5 (build 528)
Assembler:       Armasm.exe V5.06 update 5 (build 528)
Linker/Locator:  ArmLink.exe V5.06 update 5 (build 528)
Library Manager: ArmAr.exe V5.06 update 5 (build 528)
Hex Converter:   FromElf.exe V5.06 update 5 (build 528)
CPU DLL:         SARMCM3.DLL V5.39.0.0
Dialog DLL:      DCM.DLL V1.17.5.0
Target DLL:      STLink\ST-LINKIII-KEIL_SWO.dll V3.2.0.0
Dialog DLL:      TCM.DLL V1.56.4.0
 
<h2>Project:</h2>
D:\Watch_Project\Hello_Watch\MDK-ARM\Hello_Watch.uvprojx
Project File Date:  12/12/2025

<h2>Output:</h2>
*** Using Compiler 'V5.06 update 5 (build 528)', folder: 'D:\Keil5\ARM\ARMCC\Bin'
Rebuild target 'Hello_Watch'
compiling stm32f4xx_ll_adc.c...
assembling startup_stm32f411xe.s...
compiling stm32f4xx_it.c...
compiling gpio.c...
compiling freertos.c...
compiling stm32f4xx_hal_flash_ex.c...
compiling rtc.c...
compiling stm32f4xx_hal_timebase_tim.c...
compiling tim.c...
compiling stm32f4xx_hal_rcc_ex.c...
compiling spi.c...
compiling dma.c...
compiling usart.c...
compiling stm32f4xx_hal_adc.c...
compiling stm32f4xx_hal_flash.c...
compiling stm32f4xx_hal_flash_ramfunc.c...
compiling stm32f4xx_hal_msp.c...
compiling adc.c...
compiling stm32f4xx_hal_adc_ex.c...
compiling stm32f4xx_hal_gpio.c...
compiling main.c...
compiling stm32f4xx_hal_rcc.c...
compiling croutine.c...
compiling stm32f4xx_hal_tim.c...
compiling list.c...
compiling stm32f4xx_hal_tim_ex.c...
compiling event_groups.c...
compiling stm32f4xx_hal_dma_ex.c...
compiling queue.c...
compiling stream_buffer.c...
compiling timers.c...
compiling heap_4.c...
compiling tasks.c...
compiling port.c...
compiling stm32f4xx_hal_pwr.c...
compiling stm32f4xx_hal_dma.c...
compiling stm32f4xx_hal.c...
compiling stm32f4xx_hal_exti.c...
compiling stm32f4xx_hal_cortex.c...
compiling stm32f4xx_hal_pwr_ex.c...
compiling StrCalculate.c...
..\User\Func\Src\StrCalculate.c(9): warning:  #68-D: integer conversion resulted in a change of sign
      {return -1;}
..\User\Func\Src\StrCalculate.c(18): warning:  #68-D: integer conversion resulted in a change of sign
      {return -1;}
..\User\Func\Src\StrCalculate.c(43): warning:  #68-D: integer conversion resulted in a change of sign
  	{return -1;}
..\User\Func\Src\StrCalculate.c(52): warning:  #68-D: integer conversion resulted in a change of sign
  	{return -1;}
..\User\Func\Src\StrCalculate.c(76): warning:  #68-D: integer conversion resulted in a change of sign
  	{return -1;}
..\User\Func\Src\StrCalculate.c(85): warning:  #68-D: integer conversion resulted in a change of sign
  	{return -1;}
..\User\Func\Src\StrCalculate.c(127): warning:  #940-D: missing return statement at end of non-void function "SymisHighPriority" 
  }
..\User\Func\Src\StrCalculate.c(262): warning:  #68-D: integer conversion resulted in a change of sign
          return -1;
..\User\Func\Src\StrCalculate.c: 8 warnings, 0 errors
compiling stm32f4xx_hal_rtc_ex.c...
compiling PageManager.c...
..\User\Func\Src\PageManager.c(13): warning:  #68-D: integer conversion resulted in a change of sign
  		return -1;
..\User\Func\Src\PageManager.c(20): warning:  #68-D: integer conversion resulted in a change of sign
  		return -1;
..\User\Func\Src\PageManager.c: 2 warnings, 0 errors
compiling stm32f4xx_hal_rtc.c...
compiling system_stm32f4xx.c...
compiling ui_AboutPage.c...
compiling ui_ComputerPage.c...
compiling stm32f4xx_hal_spi.c...
compiling stm32f4xx_hal_uart.c...
compiling delay.c...
compiling ui_GameSelectPage.c...
compiling lv_port_indev.c...
..\Middlewares\LVGL\GUI\porting\lv_port_indev.c(40): warning:  #177-D: variable "encoder_diff"  was declared but never referenced
  static int32_t encoder_diff;
..\Middlewares\LVGL\GUI\porting\lv_port_indev.c: 1 warning, 0 errors
compiling cmsis_os2.c...
compiling ui_Megboxes.c...
..\User\GUI_APP\screens\Src\ui_Megboxes.c(68): warning:  #167-D: argument of type "uint8_t *" is incompatible with parameter of type "const char *"
      lv_label_set_text(ui_WarningLabel, text);
..\User\GUI_APP\screens\Src\ui_Megboxes.c: 1 warning, 0 errors
compiling user_KeyTask.c...
compiling user_ChargCheckTask.c...
compiling ui_OffTimePage.c...
compiling ui_NFCCardPage.c...
compiling user_DataSaveTask.c...
compiling ui_MenuPage.c...
compiling user_ScrRenewTask.c...
..\User\Tasks\Src\user_ScrRenewTask.c(41): warning:  #223-D: function "EM7028_hrs_DisEnable" declared implicitly
  					EM7028_hrs_DisEnable();
..\User\Tasks\Src\user_ScrRenewTask.c(43): warning:  #223-D: function "LSM303DLH_Sleep" declared implicitly
  					LSM303DLH_Sleep();
..\User\Tasks\Src\user_ScrRenewTask.c(52): warning:  #223-D: function "EM7028_hrs_DisEnable" declared implicitly
  				EM7028_hrs_DisEnable();
..\User\Tasks\Src\user_ScrRenewTask.c(54): warning:  #223-D: function "LSM303DLH_Sleep" declared implicitly
  				LSM303DLH_Sleep();
..\User\Tasks\Src\user_ScrRenewTask.c: 4 warnings, 0 errors
compiling HWDataAccess.c...
..\User\Func\Src\HWDataAccess.c(165): warning:  #111-D: statement is unreachable
  		return 0;
..\User\Func\Src\HWDataAccess.c(262): warning:  #111-D: statement is unreachable
  	return -1;
..\User\Func\Src\HWDataAccess.c(262): warning:  #68-D: integer conversion resulted in a change of sign
  	return -1;
..\User\Func\Src\HWDataAccess.c(317): warning:  #111-D: statement is unreachable
  		return 0;
..\User\Func\Src\HWDataAccess.c(356): warning:  #111-D: statement is unreachable
  	return -1;
..\User\Func\Src\HWDataAccess.c(356): warning:  #68-D: integer conversion resulted in a change of sign
  	return -1;
..\User\Func\Src\HWDataAccess.c(398): warning:  #111-D: statement is unreachable
  	return -1;
..\User\Func\Src\HWDataAccess.c(398): warning:  #68-D: integer conversion resulted in a change of sign
  	return -1;
..\User\Func\Src\HWDataAccess.c(421): warning:  #111-D: statement is unreachable
  	return -1;
..\User\Func\Src\HWDataAccess.c(421): warning:  #68-D: integer conversion resulted in a change of sign
  	return -1;
..\User\Func\Src\HWDataAccess.c(459): warning:  #111-D: statement is unreachable
  	return -1;
..\User\Func\Src\HWDataAccess.c(459): warning:  #68-D: integer conversion resulted in a change of sign
  	return -1;
..\User\Func\Src\HWDataAccess.c: 12 warnings, 0 errors
compiling user_HardwareInitTask.c...
..\User\Tasks\Src\user_HardwareInitTask.c(168): warning:  #167-D: argument of type "uint8_t *" is incompatible with parameter of type "char *restrict"
      sprintf(lcd_buf_str, "HELLO-Watch V%d.%d.%d", watch_version_major(), watch_version_minor(), watch_version_patch());
..\User\Tasks\Src\user_HardwareInitTask.c: 1 warning, 0 errors
compiling user_RunModeTasks.c...
..\User\Tasks\Src\user_RunModeTasks.c(108): warning:  #223-D: function "SystemClock_Config" declared implicitly
  			SystemClock_Config();
..\User\Tasks\Src\user_RunModeTasks.c: 1 warning, 0 errors
compiling user_TasksInit.c...
compiling user_MessageSendTask.c...
..\User\Tasks\Src\user_MessageSendTask.c(69): warning:  #186-D: pointless comparison of unsigned integer with zero
  		&& TimeSetMessage.nowtime.Hours>=0 && TimeSetMessage.nowtime.Hours<=23
..\User\Tasks\Src\user_MessageSendTask.c(70): warning:  #186-D: pointless comparison of unsigned integer with zero
  		&& TimeSetMessage.nowtime.Minutes>=0 && TimeSetMessage.nowtime.Minutes<=59
..\User\Tasks\Src\user_MessageSendTask.c(71): warning:  #186-D: pointless comparison of unsigned integer with zero
  		&& TimeSetMessage.nowtime.Seconds>=0 && TimeSetMessage.nowtime.Seconds<=59)
..\User\Tasks\Src\user_MessageSendTask.c(78): warning:  #940-D: missing return statement at end of non-void function "TimeFormat_Get" 
  }
..\User\Tasks\Src\user_MessageSendTask.c(95): warning:  #167-D: argument of type "uint8_t *" is incompatible with parameter of type "const char *"
  		if(!strcmp(HardInt_receive_str,"OV"))
..\User\Tasks\Src\user_MessageSendTask.c(99): warning:  #167-D: argument of type "uint8_t *" is incompatible with parameter of type "const char *"
  			else if(!strcmp(HardInt_receive_str,"OV+VERSION"))
..\User\Tasks\Src\user_MessageSendTask.c(103): warning:  #167-D: argument of type "uint8_t *" is incompatible with parameter of type "const char *"
  			else if(!strcmp(HardInt_receive_str,"OV+SEND"))
..\User\Tasks\Src\user_MessageSendTask.c(123): warning:  #167-D: argument of type "uint8_t *" is incompatible with parameter of type "const char *"
  			else if(strlen(HardInt_receive_str)==20)
..\User\Tasks\Src\user_MessageSendTask.c(128): warning:  #167-D: argument of type "uint8_t *" is incompatible with parameter of type "const char *"
  				if(ui_APPSy_EN && !strcmp(cmd,"OV+ST"))
..\User\Tasks\Src\user_MessageSendTask.c: 9 warnings, 0 errors
compiling ui_TimerPage.c...
..\User\GUI_APP\screens\Src\ui_TimerPage.c(47): warning:  #167-D: argument of type "uint8_t *" is incompatible with parameter of type "char *restrict"
      sprintf(strbuf,"%02d",ui_TimerPage_min);
..\User\GUI_APP\screens\Src\ui_TimerPage.c(48): warning:  #167-D: argument of type "uint8_t *" is incompatible with parameter of type "const char *"
      lv_label_set_text(ui_TimerMinLabel, strbuf);
..\User\GUI_APP\screens\Src\ui_TimerPage.c(49): warning:  #167-D: argument of type "uint8_t *" is incompatible with parameter of type "char *restrict"
      sprintf(strbuf,"%02d",ui_TimerPage_sec);
..\User\GUI_APP\screens\Src\ui_TimerPage.c(50): warning:  #167-D: argument of type "uint8_t *" is incompatible with parameter of type "const char *"
      lv_label_set_text(ui_TimerSecLabel, strbuf);
..\User\GUI_APP\screens\Src\ui_TimerPage.c(51): warning:  #167-D: argument of type "uint8_t *" is incompatible with parameter of type "char *restrict"
      sprintf(strbuf,"%02d",ui_TimerPage_10ms);
..\User\GUI_APP\screens\Src\ui_TimerPage.c(52): warning:  #167-D: argument of type "uint8_t *" is incompatible with parameter of type "const char *"
      lv_label_set_text(ui_TimerMilSecLabel, strbuf);
..\User\GUI_APP\screens\Src\ui_TimerPage.c: 6 warnings, 0 errors
compiling ui.c...
compiling user_SensUpdateTask.c...
..\BSP\EM7028\HrAlgorythm.h(11): warning:  #1-D: last line of file ends without a newline
  #endif
..\User\Tasks\Src\user_SensUpdateTask.c(84): warning:  #177-D: variable "dat"  was declared but never referenced
  	uint16_t dat=0;
..\User\Tasks\Src\user_SensUpdateTask.c(127): warning:  #177-D: variable "value_strbuf"  was declared but never referenced
  			uint8_t value_strbuf[5];
..\User\Tasks\Src\user_SensUpdateTask.c(118): warning:  #177-D: variable "value_strbuf"  was declared but never referenced
  	uint8_t value_strbuf[6];
..\User\Tasks\Src\user_SensUpdateTask.c: 4 warnings, 0 errors
compiling ui_font_CuYuan.c...
compiling ui_font_Cuyuan18.c...
compiling ui_helpers.c...
..\User\GUI_APP\ui_helpers.c(64): warning:  #188-D: enumerated type mixed with another type
      lv_bar_set_value(target, old + val, anm);
..\User\GUI_APP\ui_helpers.c(70): warning:  #188-D: enumerated type mixed with another type
      lv_slider_set_value(target, old + val, anm);
..\User\GUI_APP\ui_helpers.c: 2 warnings, 0 errors
compiling ui_font_Cuyuan20.c...
compiling ui_CalendarPage.c...
compiling ui_ChargPage.c...
..\User\GUI_APP\screens\Src\ui_ChargPage.c(37): warning:  #167-D: argument of type "uint8_t *" is incompatible with parameter of type "char *restrict"
  				sprintf(value_strbuf,"%02d",ui_TimeMinuteValue);
..\User\GUI_APP\screens\Src\ui_ChargPage.c(38): warning:  #167-D: argument of type "uint8_t *" is incompatible with parameter of type "const char *"
  				lv_label_set_text(ui_ChargPagebMinLabel, value_strbuf);
..\User\GUI_APP\screens\Src\ui_ChargPage.c(44): warning:  #167-D: argument of type "uint8_t *" is incompatible with parameter of type "char *restrict"
  				sprintf(value_strbuf,"%02d",ui_TimeHourValue);
..\User\GUI_APP\screens\Src\ui_ChargPage.c(45): warning:  #167-D: argument of type "uint8_t *" is incompatible with parameter of type "const char *"
  				lv_label_set_text(ui_ChargPagebHourLabel, value_strbuf);
..\User\GUI_APP\screens\Src\ui_ChargPage.c(52): warning:  #167-D: argument of type "uint8_t *" is incompatible with parameter of type "char *restrict"
  				sprintf(value_strbuf,"%2d%%",ui_BatArcValue);
..\User\GUI_APP\screens\Src\ui_ChargPage.c(53): warning:  #167-D: argument of type "uint8_t *" is incompatible with parameter of type "const char *"
  				lv_label_set_text(ui_ChargPageBatNum, value_strbuf);
..\User\GUI_APP\screens\Src\ui_ChargPage.c(108): warning:  #167-D: argument of type "uint8_t *" is incompatible with parameter of type "char *restrict"
  		sprintf(value_strbuf,"%2d%%",ui_BatArcValue);
..\User\GUI_APP\screens\Src\ui_ChargPage.c(109): warning:  #167-D: argument of type "uint8_t *" is incompatible with parameter of type "const char *"
      lv_label_set_text(ui_ChargPageBatNum, value_strbuf);
..\User\GUI_APP\screens\Src\ui_ChargPage.c(120): warning:  #167-D: argument of type "uint8_t *" is incompatible with parameter of type "char *restrict"
  		sprintf(value_strbuf,"%02d",ui_TimeHourValue);
..\User\GUI_APP\screens\Src\ui_ChargPage.c(121): warning:  #167-D: argument of type "uint8_t *" is incompatible with parameter of type "const char *"
      lv_label_set_text(ui_ChargPagebHourLabel, value_strbuf);
..\User\GUI_APP\screens\Src\ui_ChargPage.c(132): warning:  #167-D: argument of type "uint8_t *" is incompatible with parameter of type "char *restrict"
  		sprintf(value_strbuf,"%02d",ui_TimeMinuteValue);
..\User\GUI_APP\screens\Src\ui_ChargPage.c(133): warning:  #167-D: argument of type "uint8_t *" is incompatible with parameter of type "const char *"
      lv_label_set_text(ui_ChargPagebMinLabel, value_strbuf);
..\User\GUI_APP\screens\Src\ui_ChargPage.c: 12 warnings, 0 errors
compiling ui_font_Cuyuan24.c...
compiling ui_font_Cuyuan30.c...
compiling ui_font_Cuyuan48.c...
compiling ui_font_Cuyuan38.c...
compiling ui_font_Cuyuan80.c...
compiling ui_DateTimeSetPage.c...
compiling ui_font_iconfont16.c...
compiling ui_font_fonticonfont34.c...
compiling ui_font_Cuyuan100.c...
compiling ui_CompassPage.c...
..\User\GUI_APP\screens\Src\ui_CompassPage.c(34): warning:  #167-D: argument of type "uint8_t *" is incompatible with parameter of type "char *restrict"
      sprintf(value_strbuf,":%d", HWInterface.Ecompass.direction);
..\User\GUI_APP\screens\Src\ui_CompassPage.c(35): warning:  #167-D: argument of type "uint8_t *" is incompatible with parameter of type "const char *"
      lv_label_set_text(ui_CompassDirLabel, value_strbuf);
..\User\GUI_APP\screens\Src\ui_CompassPage.c(38): warning:  #167-D: argument of type "uint8_t *" is incompatible with parameter of type "char *restrict"
      sprintf(value_strbuf,":%dm", HWInterface.Barometer.altitude);
..\User\GUI_APP\screens\Src\ui_CompassPage.c(39): warning:  #167-D: argument of type "uint8_t *" is incompatible with parameter of type "const char *"
      lv_label_set_text(ui_EnvAltitudeLabel, value_strbuf);
..\User\GUI_APP\screens\Src\ui_CompassPage.c(93): warning:  #167-D: argument of type "uint8_t *" is incompatible with parameter of type "char *restrict"
  		sprintf(value_strbuf,":%dm", HWInterface.Barometer.altitude);
..\User\GUI_APP\screens\Src\ui_CompassPage.c(94): warning:  #167-D: argument of type "uint8_t *" is incompatible with parameter of type "const char *"
      lv_label_set_text(ui_EnvAltitudeLabel, value_strbuf);
..\User\GUI_APP\screens\Src\ui_CompassPage.c(116): warning:  #167-D: argument of type "uint8_t *" is incompatible with parameter of type "char *restrict"
  		sprintf(value_strbuf,":%d", HWInterface.Ecompass.direction);
..\User\GUI_APP\screens\Src\ui_CompassPage.c(117): warning:  #167-D: argument of type "uint8_t *" is incompatible with parameter of type "const char *"
      lv_label_set_text(ui_CompassDirLabel, value_strbuf);
..\User\GUI_APP\screens\Src\ui_CompassPage.c: 8 warnings, 0 errors
compiling ui_font_iconfont28.c...
compiling ui_font_iconfont24.c...
compiling ui_font_iconfont30.c...
compiling ui_font_iconfont32.c...
compiling ui_font_iconfont34.c...
compiling ui_EnvPage.c...
..\User\GUI_APP\screens\Src\ui_EnvPage.c(31): warning:  #167-D: argument of type "uint8_t *" is incompatible with parameter of type "char *restrict"
      sprintf(value_strbuf,"%d", HWInterface.AHT21.temperature);
..\User\GUI_APP\screens\Src\ui_EnvPage.c(32): warning:  #167-D: argument of type "uint8_t *" is incompatible with parameter of type "const char *"
      lv_label_set_text(ui_EnvTempNumLabel, value_strbuf);
..\User\GUI_APP\screens\Src\ui_EnvPage.c(33): warning:  #167-D: argument of type "uint8_t *" is incompatible with parameter of type "char *restrict"
      sprintf(value_strbuf,"%d", HWInterface.AHT21.humidity);
..\User\GUI_APP\screens\Src\ui_EnvPage.c(34): warning:  #167-D: argument of type "uint8_t *" is incompatible with parameter of type "const char *"
      lv_label_set_text(ui_EnvHumiNumLabel, value_strbuf);
..\User\GUI_APP\screens\Src\ui_EnvPage.c(73): warning:  #167-D: argument of type "uint8_t *" is incompatible with parameter of type "char *restrict"
  		sprintf(strbuf,"%d",HWInterface.AHT21.temperature);
..\User\GUI_APP\screens\Src\ui_EnvPage.c(74): warning:  #167-D: argument of type "uint8_t *" is incompatible with parameter of type "const char *"
      lv_label_set_text(ui_EnvTempNumLabel, strbuf);
..\User\GUI_APP\screens\Src\ui_EnvPage.c(83): warning:  #167-D: argument of type "uint8_t *" is incompatible with parameter of type "char *restrict"
  		sprintf(strbuf,"%d", HWInterface.AHT21.humidity);
..\User\GUI_APP\screens\Src\ui_EnvPage.c(84): warning:  #167-D: argument of type "uint8_t *" is incompatible with parameter of type "const char *"
      lv_label_set_text(ui_EnvHumiNumLabel, strbuf);
..\User\GUI_APP\screens\Src\ui_EnvPage.c: 8 warnings, 0 errors
compiling ui_Game2048Page.c...
..\User\GUI_APP\screens\Src\ui_Game2048Page.c(106): warning:  #167-D: argument of type "char **" is incompatible with parameter of type "const char **"
  							lv_btnmatrix_set_map(ui_Game2048BtnM, Game_2048.btnm_map);
..\User\GUI_APP\screens\Src\ui_Game2048Page.c(108): warning:  #167-D: argument of type "uint8_t *" is incompatible with parameter of type "char *restrict"
  							sprintf(strbuf,"Score:%d",Game_2048.score);
..\User\GUI_APP\screens\Src\ui_Game2048Page.c(109): warning:  #167-D: argument of type "uint8_t *" is incompatible with parameter of type "const char *"
  							lv_label_set_text(ui_Game2048ScLabel,strbuf);
..\User\GUI_APP\screens\Src\ui_Game2048Page.c(125): warning:  #186-D: pointless comparison of unsigned integer with zero
          if((dsc->id >= 0) && (dsc->label_dsc))
..\User\GUI_APP\screens\Src\ui_Game2048Page.c(154): warning:  #167-D: argument of type "uint8_t *" is incompatible with parameter of type "char *restrict"
        sprintf(strbuf,"Score:%d",Game_2048.score);
..\User\GUI_APP\screens\Src\ui_Game2048Page.c(155): warning:  #167-D: argument of type "uint8_t *" is incompatible with parameter of type "const char *"
        lv_label_set_text(ui_Game2048ScLabel,strbuf);
..\User\GUI_APP\screens\Src\ui_Game2048Page.c(189): warning:  #167-D: argument of type "uint8_t *" is incompatible with parameter of type "char *restrict"
      sprintf(strbuf,"Score:%d",Game_2048.score);
..\User\GUI_APP\screens\Src\ui_Game2048Page.c(190): warning:  #167-D: argument of type "uint8_t *" is incompatible with parameter of type "const char *"
      lv_label_set_text(ui_Game2048ScLabel,strbuf);
..\User\GUI_APP\screens\Src\ui_Game2048Page.c(220): warning:  #167-D: argument of type "char **" is incompatible with parameter of type "const char **"
      lv_btnmatrix_set_map(ui_Game2048BtnM, Game_2048.btnm_map);
..\User\GUI_APP\screens\Src\ui_Game2048Page.c(547): warning:  #68-D: integer conversion resulted in a change of sign
      {return -1;}
..\User\GUI_APP\screens\Src\ui_Game2048Page.c(556): warning:  #68-D: integer conversion resulted in a change of sign
      {return -1;}
..\User\GUI_APP\screens\Src\ui_Game2048Page.c: 11 warnings, 0 errors
compiling ui_GameMemPage.c...
..\User\GUI_APP\screens\Src\ui_GameMemPage.c(69): warning:  #186-D: pointless comparison of unsigned integer with zero
  								if(Game_Mem.previous_id >= 0 && Game_Mem.previous_id < 17 )
..\User\GUI_APP\screens\Src\ui_GameMemPage.c(83): warning:  #186-D: pointless comparison of unsigned integer with zero
          if((dsc->id >= 0) && (dsc->label_dsc))
..\User\GUI_APP\screens\Src\ui_GameMemPage.c(99): warning:  #167-D: argument of type "char **" is incompatible with parameter of type "const char **"
          lv_btnmatrix_set_map(ui_GameMem_BtnM, Game_Mem.btnm_map);
..\User\GUI_APP\screens\Src\ui_GameMemPage.c(112): warning:  #167-D: argument of type "char **" is incompatible with parameter of type "const char **"
      lv_btnmatrix_set_map(ui_GameMem_BtnM, Game_Mem.btnm_map);
..\User\GUI_APP\screens\Src\ui_GameMemPage.c(151): warning:  #68-D: integer conversion resulted in a change of sign
      Game_Mem.previous_id = -1;
..\User\GUI_APP\screens\Src\ui_GameMemPage.c(152): warning:  #68-D: integer conversion resulted in a change of sign
      Game_Mem.present_id = -1;
..\User\GUI_APP\screens\Src\ui_GameMemPage.c: 6 warnings, 0 errors
compiling ui_font_iconfont45.c...
compiling ui_HRPage.c...
..\User\GUI_APP\screens\Src\ui_HRPage.c(27): warning:  #167-D: argument of type "uint8_t *" is incompatible with parameter of type "char *restrict"
      sprintf(value_strbuf, "%d", HWInterface.HR_meter.HrRate);
..\User\GUI_APP\screens\Src\ui_HRPage.c(28): warning:  #167-D: argument of type "uint8_t *" is incompatible with parameter of type "const char *"
      lv_label_set_text(ui_HRPageNumLabel, value_strbuf);
..\User\GUI_APP\screens\Src\ui_HRPage.c(45): warning:  #167-D: argument of type "uint8_t *" is incompatible with parameter of type "char *restrict"
      sprintf(value_strbuf, "%d", HWInterface.HR_meter.HrRate);
..\User\GUI_APP\screens\Src\ui_HRPage.c(46): warning:  #167-D: argument of type "uint8_t *" is incompatible with parameter of type "const char *"
      lv_label_set_text(ui_HRPageNumLabel, value_strbuf);
..\User\GUI_APP\screens\Src\ui_HRPage.c: 4 warnings, 0 errors
compiling ui_font_lvfontmontserrat20.c...
compiling ui_img_compass_needle_png.c...
compiling ui_font_iconfont33.c...
compiling ui_font_iconfont29.c...
compiling ui_font_iconfont31.c...
compiling ui_font_iconfont25.c...
compiling ui_font_Cuyuan21.c...
compiling ui_font_uifontCuyuan48.c...
compiling ui_HomePage.c...
..\User\GUI_APP\screens\Src\ui_HomePage.c(99): warning:  #167-D: argument of type "int8_t *" is incompatible with parameter of type "char *restrict"
              sprintf(value_strbuf,"%02d",ui_TimeMinuteValue);
..\User\GUI_APP\screens\Src\ui_HomePage.c(100): warning:  #167-D: argument of type "int8_t *" is incompatible with parameter of type "const char *"
              lv_label_set_text(ui_TimeMinuteLabel,value_strbuf);
..\User\GUI_APP\screens\Src\ui_HomePage.c(106): warning:  #167-D: argument of type "int8_t *" is incompatible with parameter of type "char *restrict"
              sprintf(value_strbuf,"%2d",ui_TimeHourValue);
..\User\GUI_APP\screens\Src\ui_HomePage.c(107): warning:  #167-D: argument of type "int8_t *" is incompatible with parameter of type "const char *"
              lv_label_set_text(ui_TimeHourLabel,value_strbuf);
..\User\GUI_APP\screens\Src\ui_HomePage.c(114): warning:  #167-D: argument of type "int8_t *" is incompatible with parameter of type "char *restrict"
              sprintf(value_strbuf,"%2d-%02d",ui_DateMonthValue,ui_DateDayValue);
..\User\GUI_APP\screens\Src\ui_HomePage.c(115): warning:  #167-D: argument of type "int8_t *" is incompatible with parameter of type "const char *"
              lv_label_set_text(ui_DateLabel,value_strbuf);
..\User\GUI_APP\screens\Src\ui_HomePage.c(123): warning:  #167-D: argument of type "int8_t *" is incompatible with parameter of type "char *restrict"
              sprintf(value_strbuf,"%2d-%02d",ui_DateMonthValue,ui_DateDayValue);
..\User\GUI_APP\screens\Src\ui_HomePage.c(124): warning:  #167-D: argument of type "int8_t *" is incompatible with parameter of type "const char *"
              lv_label_set_text(ui_DateLabel,value_strbuf);
..\User\GUI_APP\screens\Src\ui_HomePage.c(132): warning:  #167-D: argument of type "int8_t *" is incompatible with parameter of type "char *restrict"
              sprintf(value_strbuf,"%2d%%",ui_BatArcValue);
..\User\GUI_APP\screens\Src\ui_HomePage.c(133): warning:  #167-D: argument of type "int8_t *" is incompatible with parameter of type "const char *"
              lv_label_set_text(ui_BatNumLabel,value_strbuf);
..\User\GUI_APP\screens\Src\ui_HomePage.c(139): warning:  #167-D: argument of type "int8_t *" is incompatible with parameter of type "char *restrict"
              sprintf(value_strbuf,"%d",ui_StepNumValue);
..\User\GUI_APP\screens\Src\ui_HomePage.c(140): warning:  #167-D: argument of type "int8_t *" is incompatible with parameter of type "const char *"
              lv_label_set_text(ui_StepNumLabel,value_strbuf);
..\User\GUI_APP\screens\Src\ui_HomePage.c(147): warning:  #167-D: argument of type "int8_t *" is incompatible with parameter of type "char *restrict"
              sprintf(value_strbuf,"%d",ui_HomePageTempValue);
..\User\GUI_APP\screens\Src\ui_HomePage.c(148): warning:  #167-D: argument of type "int8_t *" is incompatible with parameter of type "const char *"
              lv_label_set_text(ui_TempNumLabel,value_strbuf);
..\User\GUI_APP\screens\Src\ui_HomePage.c(155): warning:  #167-D: argument of type "int8_t *" is incompatible with parameter of type "char *restrict"
              sprintf(value_strbuf,"%d",ui_HomePageHumiValue);
..\User\GUI_APP\screens\Src\ui_HomePage.c(156): warning:  #167-D: argument of type "int8_t *" is incompatible with parameter of type "const char *"
              lv_label_set_text(ui_HumiNumLabel,value_strbuf);
..\User\GUI_APP\screens\Src\ui_HomePage.c(349): warning:  #167-D: argument of type "uint8_t *" is incompatible with parameter of type "char *restrict"
      sprintf(value_strbuf,"%2d%%",ui_BatArcValue);
..\User\GUI_APP\screens\Src\ui_HomePage.c(350): warning:  #167-D: argument of type "uint8_t *" is incompatible with parameter of type "const char *"
      lv_label_set_text(ui_BatNumLabel, value_strbuf);
..\User\GUI_APP\screens\Src\ui_HomePage.c(436): warning:  #167-D: argument of type "uint8_t *" is incompatible with parameter of type "char *restrict"
      sprintf(value_strbuf,"%2d",ui_TimeHourValue);
..\User\GUI_APP\screens\Src\ui_HomePage.c(437): warning:  #167-D: argument of type "uint8_t *" is incompatible with parameter of type "const char *"
      lv_label_set_text(ui_TimeHourLabel, value_strbuf);
..\User\GUI_APP\screens\Src\ui_HomePage.c(457): warning:  #167-D: argument of type "uint8_t *" is incompatible with parameter of type "char *restrict"
      sprintf(value_strbuf,"%02d",ui_TimeMinuteValue);
..\User\GUI_APP\screens\Src\ui_HomePage.c(458): warning:  #167-D: argument of type "uint8_t *" is incompatible with parameter of type "const char *"
      lv_label_set_text(ui_TimeMinuteLabel, value_strbuf);
..\User\GUI_APP\screens\Src\ui_HomePage.c(478): warning:  #167-D: argument of type "uint8_t *" is incompatible with parameter of type "char *restrict"
      sprintf(value_strbuf,"%2d-%02d",ui_DateMonthValue,ui_DateDayValue);
..\User\GUI_APP\screens\Src\ui_HomePage.c(479): warning:  #167-D: argument of type "uint8_t *" is incompatible with parameter of type "const char *"
      lv_label_set_text(ui_DateLabel, value_strbuf);
..\User\GUI_APP\screens\Src\ui_HomePage.c(490): warning:  #167-D: argument of type "uint8_t *" is incompatible with parameter of type "char *restrict"
      sprintf(value_strbuf,"%d",ui_HomePageTempValue);
..\User\GUI_APP\screens\Src\ui_HomePage.c(491): warning:  #167-D: argument of type "uint8_t *" is incompatible with parameter of type "const char *"
      lv_label_set_text(ui_TempNumLabel, value_strbuf);
..\User\GUI_APP\screens\Src\ui_HomePage.c(499): warning:  #167-D: argument of type "uint8_t *" is incompatible with parameter of type "char *restrict"
      sprintf(value_strbuf,"%d",ui_HomePageHumiValue);
..\User\GUI_APP\screens\Src\ui_HomePage.c(500): warning:  #167-D: argument of type "uint8_t *" is incompatible with parameter of type "const char *"
      lv_label_set_text(ui_HumiNumLabel, value_strbuf);
..\User\GUI_APP\screens\Src\ui_HomePage.c(508): warning:  #167-D: argument of type "uint8_t *" is incompatible with parameter of type "char *restrict"
      sprintf(value_strbuf,"%d", HWInterface.HR_meter.HrRate);
..\User\GUI_APP\screens\Src\ui_HomePage.c(509): warning:  #167-D: argument of type "uint8_t *" is incompatible with parameter of type "const char *"
      lv_label_set_text(ui_HRNumLabel, value_strbuf);
..\User\GUI_APP\screens\Src\ui_HomePage.c(517): warning:  #167-D: argument of type "uint8_t *" is incompatible with parameter of type "char *restrict"
      sprintf(value_strbuf,"%d",ui_StepNumValue);
..\User\GUI_APP\screens\Src\ui_HomePage.c(518): warning:  #167-D: argument of type "uint8_t *" is incompatible with parameter of type "const char *"
      lv_label_set_text(ui_StepNumLabel, value_strbuf);
..\User\GUI_APP\screens\Src\ui_HomePage.c(725): warning:  #1-D: last line of file ends without a newline
  {}
..\User\GUI_APP\screens\Src\ui_HomePage.c: 33 warnings, 0 errors
compiling ui_SetPage.c...
compiling ui_SPO2Page.c...
..\User\GUI_APP\screens\Src\ui_SPO2Page.c(24): warning:  #167-D: argument of type "uint8_t *" is incompatible with parameter of type "char *restrict"
      sprintf(value_strbuf, "%d", HWInterface.HR_meter.SPO2);
..\User\GUI_APP\screens\Src\ui_SPO2Page.c(25): warning:  #167-D: argument of type "uint8_t *" is incompatible with parameter of type "const char *"
      lv_label_set_text(ui_SPO2NumLabel, value_strbuf);
..\User\GUI_APP\screens\Src\ui_SPO2Page.c(40): warning:  #167-D: argument of type "uint8_t *" is incompatible with parameter of type "char *restrict"
      sprintf(value_strbuf, "%d", HWInterface.HR_meter.SPO2);
..\User\GUI_APP\screens\Src\ui_SPO2Page.c(41): warning:  #167-D: argument of type "uint8_t *" is incompatible with parameter of type "const char *"
      lv_label_set_text(ui_SPO2NumLabel, value_strbuf);
..\User\GUI_APP\screens\Src\ui_SPO2Page.c: 4 warnings, 0 errors
compiling lv_disp.c...
compiling lv_group.c...
compiling lv_event.c...
..\Middlewares\LVGL\GUI\lvgl\src\core\lv_event.c(120): warning:  #188-D: enumerated type mixed with another type
      return e->code & ~LV_EVENT_PREPROCESS;
..\Middlewares\LVGL\GUI\lvgl\src\core\lv_event.c: 1 warning, 0 errors
compiling lv_indev.c...
compiling lv_indev_scroll.c...
compiling iic_hal.c...
compiling WODG.c...
compiling DataSave.c...
compiling lv_obj_class.c...
compiling AHT21.c...
..\BSP\AHT21\AHT21.c(74): warning:  #550-D: variable "Byte_1th"  was set but never used
  	uint8_t  Byte_1th=0;
..\BSP\AHT21\AHT21.c: 1 warning, 0 errors
compiling CST816.c...
compiling BL24C02.c...
compiling user_Queue.c...
compiling lv_obj.c...
compiling lv_obj_draw.c...
compiling em70x8.c...
compiling HrAlgorythm.c...
..\BSP\EM7028\HrAlgorythm.h(11): warning:  #1-D: last line of file ends without a newline
  #endif
..\BSP\EM7028\HrAlgorythm.c: 1 warning, 0 errors
compiling key.c...
compiling lv_obj_pos.c...
compiling KT6328.c...
compiling lcd_init.c...
compiling lv_draw.c...
compiling lv_obj_tree.c...
compiling lv_obj_style_gen.c...
compiling LSM303.c...
..\BSP\LSM303DLH\LSM303.c(316): warning:  #1035-D: single-precision operand implicitly converted to double-precision
  	Azimuth = atan2f(Hy,Hx)*180.0/PI;
..\BSP\LSM303DLH\LSM303.c: 1 warning, 0 errors
compiling lv_theme.c...
compiling mpu6050.c...
..\BSP\MPU6050\mpu6050.c(460): warning:  #1035-D: single-precision operand implicitly converted to double-precision
  	if(roll<=0.50 && roll>=-0.50 && pitch<=0.50 && pitch>=-0.50)
..\BSP\MPU6050\mpu6050.c(460): warning:  #1035-D: single-precision operand implicitly converted to double-precision
  	if(roll<=0.50 && roll>=-0.50 && pitch<=0.50 && pitch>=-0.50)
..\BSP\MPU6050\mpu6050.c: 2 warnings, 0 errors
compiling power.c...
..\BSP\POWER\power.c(90): warning:  #1035-D: single-precision operand implicitly converted to double-precision
  	if((voltage >= 4.2))
..\BSP\POWER\power.c(92): warning:  #1035-D: single-precision operand implicitly converted to double-precision
  	else if(voltage >= 4.06 && voltage <4.2)
..\BSP\POWER\power.c(92): warning:  #1035-D: single-precision operand implicitly converted to double-precision
  	else if(voltage >= 4.06 && voltage <4.2)
..\BSP\POWER\power.c(94): warning:  #1035-D: single-precision operand implicitly converted to double-precision
  	else if(voltage >= 3.98 && voltage <4.06)
..\BSP\POWER\power.c(94): warning:  #1035-D: single-precision operand implicitly converted to double-precision
  	else if(voltage >= 3.98 && voltage <4.06)
..\BSP\POWER\power.c(96): warning:  #1035-D: single-precision operand implicitly converted to double-precision
  	else if(voltage >= 3.92 && voltage <3.98)
..\BSP\POWER\power.c(96): warning:  #1035-D: single-precision operand implicitly converted to double-precision
  	else if(voltage >= 3.92 && voltage <3.98)
..\BSP\POWER\power.c(98): warning:  #1035-D: single-precision operand implicitly converted to double-precision
  	else if(voltage >= 3.87 && voltage <3.92)
..\BSP\POWER\power.c(98): warning:  #1035-D: single-precision operand implicitly converted to double-precision
  	else if(voltage >= 3.87 && voltage <3.92)
..\BSP\POWER\power.c(100): warning:  #1035-D: single-precision operand implicitly converted to double-precision
  	else if(voltage >= 3.82 && voltage <3.87)
..\BSP\POWER\power.c(100): warning:  #1035-D: single-precision operand implicitly converted to double-precision
  	else if(voltage >= 3.82 && voltage <3.87)
..\BSP\POWER\power.c(102): warning:  #1035-D: single-precision operand implicitly converted to double-precision
  	else if(voltage >= 3.79 && voltage <3.82)
..\BSP\POWER\power.c(102): warning:  #1035-D: single-precision operand implicitly converted to double-precision
  	else if(voltage >= 3.79 && voltage <3.82)
..\BSP\POWER\power.c(104): warning:  #1035-D: single-precision operand implicitly converted to double-precision
  	else if(voltage >= 3.77 && voltage <3.79)
..\BSP\POWER\power.c(104): warning:  #1035-D: single-precision operand implicitly converted to double-precision
  	else if(voltage >= 3.77 && voltage <3.79)
..\BSP\POWER\power.c(106): warning:  #1035-D: single-precision operand implicitly converted to double-precision
  	else if(voltage >= 3.74 && voltage <3.77)
..\BSP\POWER\power.c(106): warning:  #1035-D: single-precision operand implicitly converted to double-precision
  	else if(voltage >= 3.74 && voltage <3.77)
..\BSP\POWER\power.c(108): warning:  #1035-D: single-precision operand implicitly converted to double-precision
  	else if(voltage >= 3.68 && voltage <3.74)
..\BSP\POWER\power.c(108): warning:  #1035-D: single-precision operand implicitly converted to double-precision
  	else if(voltage >= 3.68 && voltage <3.74)
..\BSP\POWER\power.c(110): warning:  #1035-D: single-precision operand implicitly converted to double-precision
  	else if(voltage >= 3.45 && voltage <3.68)
..\BSP\POWER\power.c(110): warning:  #1035-D: single-precision operand implicitly converted to double-precision
  	else if(voltage >= 3.45 && voltage <3.68)
..\BSP\POWER\power.c: 21 warnings, 0 errors
compiling lv_draw_arc.c...
compiling SPL06_001.c...
..\BSP\SPL06_001\SPL06_001.c(220): warning:  #1035-D: single-precision operand implicitly converted to double-precision
  	Traw_sc /= KT;
..\BSP\SPL06_001\SPL06_001.c(229): warning:  #1035-D: single-precision operand implicitly converted to double-precision
  	Traw_sc /= KT;
..\BSP\SPL06_001\SPL06_001.c(231): warning:  #1035-D: single-precision operand implicitly converted to double-precision
  	Praw_sc /= KP;
..\BSP\SPL06_001\SPL06_001.c: 3 warnings, 0 errors
compiling lv_obj_scroll.c...
compiling lcd.c...
..\BSP\LCD\lcd.c(40): warning:  #177-D: variable "i"  was declared but never referenced
  	u16 i,j,width,height; 
..\BSP\LCD\lcd.c(40): warning:  #177-D: variable "j"  was declared but never referenced
  	u16 i,j,width,height; 
..\BSP\LCD\lcd.c: 2 warnings, 0 errors
compiling lv_obj_style.c...
compiling lv_refr.c...
compiling lv_draw_img.c...
compiling lv_draw_line.c...
compiling lv_draw_rect.c...
compiling lv_draw_triangle.c...
compiling lv_draw_label.c...
compiling lv_img_cache.c...
compiling inv_mpu.c...
..\BSP\MPU6050\eMPL\inv_mpu.c(2963): warning:  #68-D: integer conversion resulted in a change of sign
  		if(res)return -1; 
..\BSP\MPU6050\eMPL\inv_mpu.c(2874): warning:  #177-D: variable "gyro_orientation"  was declared but never referenced
  static signed char gyro_orientation[9] = { 1, 0, 0,
..\BSP\MPU6050\eMPL\inv_mpu.c: 2 warnings, 0 errors
compiling lv_img_buf.c...
compiling lv_img_decoder.c...
compiling lv_draw_mask.c...
compiling lv_extra.c...
compiling inv_mpu_dmp_motion_driver.c...
compiling lv_calendar_header_arrow.c...
compiling lv_calendar_header_dropdown.c...
compiling lv_calendar.c...
compiling lv_spinner.c...
compiling lv_font.c...
compiling lv_font_fmt_txt.c...
..\Middlewares\LVGL\GUI\lvgl\src\font\lv_font_fmt_txt.c(137): warning:  #111-D: statement is unreachable
      return NULL;
..\Middlewares\LVGL\GUI\lvgl\src\font\lv_font_fmt_txt.c: 1 warning, 0 errors
compiling lv_font_dejavu_16_persian_hebrew.c...
compiling lv_font_montserrat_8.c...
compiling lv_theme_default.c...
..\Middlewares\LVGL\GUI\lvgl\src\extra\themes\default\lv_theme_default.c(213): warning:  #188-D: enumerated type mixed with another type
..\Middlewares\LVGL\GUI\lvgl\src\extra\themes\default\lv_theme_default.c: 1 warning, 0 errors
compiling lv_font_montserrat_10.c...
compiling lv_font_montserrat_12.c...
compiling lv_font_loader.c...
compiling lv_font_montserrat_12_subpx.c...
compiling lv_font_montserrat_14.c...
compiling lv_font_montserrat_16.c...
compiling lv_font_montserrat_18.c...
compiling lv_font_montserrat_20.c...
compiling lv_font_montserrat_22.c...
compiling lv_font_montserrat_24.c...
compiling lv_font_montserrat_26.c...
compiling lv_font_montserrat_28.c...
compiling lv_font_montserrat_28_compressed.c...
compiling lv_font_montserrat_30.c...
compiling lv_font_montserrat_32.c...
compiling lv_font_montserrat_34.c...
compiling lv_font_montserrat_36.c...
compiling lv_font_montserrat_38.c...
compiling lv_font_montserrat_40.c...
compiling lv_font_montserrat_42.c...
compiling lv_font_montserrat_44.c...
compiling lv_font_montserrat_46.c...
compiling lv_font_montserrat_48.c...
compiling lv_font_simsun_16_cjk.c...
compiling lv_font_unscii_8.c...
compiling lv_font_unscii_16.c...
compiling lv_btn.c...
compiling lv_canvas.c...
compiling lv_arc.c...
compiling lv_checkbox.c...
compiling lv_bar.c...
compiling lv_line.c...
compiling lv_objx_templ.c...
compiling lv_btnmatrix.c...
compiling lv_img.c...
compiling lv_dropdown.c...
compiling lv_label.c...
compiling lv_hal_tick.c...
compiling lv_roller.c...
compiling lv_switch.c...
compiling lv_hal_indev.c...
compiling lv_slider.c...
compiling lv_anim_timeline.c...
compiling lv_anim.c...
compiling lv_hal_disp.c...
..\Middlewares\LVGL\GUI\lvgl\src\hal\lv_hal_disp.c(573): warning:  #188-D: enumerated type mixed with another type
      return disp->driver->rotated;
..\Middlewares\LVGL\GUI\lvgl\src\hal\lv_hal_disp.c: 1 warning, 0 errors
compiling lv_async.c...
compiling lv_area.c...
compiling lv_bidi.c...
compiling lv_color.c...
compiling lv_gc.c...
compiling lv_fs.c...
compiling lv_log.c...
compiling lv_ll.c...
compiling lv_math.c...
compiling lv_lru.c...
..\Middlewares\LVGL\GUI\lvgl\src\misc\lv_lru.c(313): warning:  #68-D: integer conversion resulted in a change of sign
      uint32_t i = 0, min_index = -1;
..\Middlewares\LVGL\GUI\lvgl\src\misc\lv_lru.c(314): warning:  #68-D: integer conversion resulted in a change of sign
      uint64_t min_access_count = -1;
..\Middlewares\LVGL\GUI\lvgl\src\misc\lv_lru.c: 2 warnings, 0 errors
compiling lv_mem.c...
..\Middlewares\LVGL\GUI\lvgl\src\misc\lv_mem.c(311): warning:  #111-D: statement is unreachable
      return NULL;
..\Middlewares\LVGL\GUI\lvgl\src\misc\lv_mem.c: 1 warning, 0 errors
compiling lv_templ.c...
compiling lv_style.c...
..\Middlewares\LVGL\GUI\lvgl\src\misc\lv_style.c(74): warning:  #188-D: enumerated type mixed with another type
      return act_id;
..\Middlewares\LVGL\GUI\lvgl\src\misc\lv_style.c: 1 warning, 0 errors
compiling lv_printf.c...
compiling lv_timer.c...
compiling lv_style_gen.c...
compiling lv_utils.c...
compiling lv_txt_ap.c...
compiling lv_tlsf.c...
..\Middlewares\LVGL\GUI\lvgl\src\misc\lv_tlsf.c(898): warning:  #68-D: integer conversion resulted in a change of sign
          offset_to_block(pool, -(int)block_header_overhead);
..\Middlewares\LVGL\GUI\lvgl\src\misc\lv_tlsf.c(1000): warning:  #68-D: integer conversion resulted in a change of sign
      block = offset_to_block(mem, -(tlsfptr_t)block_header_overhead);
..\Middlewares\LVGL\GUI\lvgl\src\misc\lv_tlsf.c(1018): warning:  #68-D: integer conversion resulted in a change of sign
      block_header_t * block = offset_to_block(pool, -(int)block_header_overhead);
..\Middlewares\LVGL\GUI\lvgl\src\misc\lv_tlsf.c: 3 warnings, 0 errors
compiling lv_draw_sw.c...
compiling lv_txt.c...
compiling lv_draw_sw_dither.c...
compiling lv_draw_sw_arc.c...
compiling lv_draw_sw_gradient.c...
compiling lv_draw_sw_img.c...
compiling lv_draw_sw_blend.c...
compiling lv_draw_sw_letter.c...
compiling lv_draw_sw_polygon.c...
compiling lv_draw_sw_line.c...
compiling lv_textarea.c...
compiling lv_meter.c...
compiling lv_flex.c...
..\Middlewares\LVGL\GUI\lvgl\src\extra\layouts\flex\lv_flex.c(97): warning:  #188-D: enumerated type mixed with another type
      LV_STYLE_FLEX_MAIN_PLACE = lv_style_register_prop() | LV_STYLE_PROP_LAYOUT_REFR;
..\Middlewares\LVGL\GUI\lvgl\src\extra\layouts\flex\lv_flex.c(98): warning:  #188-D: enumerated type mixed with another type
      LV_STYLE_FLEX_CROSS_PLACE = lv_style_register_prop() | LV_STYLE_PROP_LAYOUT_REFR;
..\Middlewares\LVGL\GUI\lvgl\src\extra\layouts\flex\lv_flex.c(99): warning:  #188-D: enumerated type mixed with another type
      LV_STYLE_FLEX_TRACK_PLACE = lv_style_register_prop() | LV_STYLE_PROP_LAYOUT_REFR;
..\Middlewares\LVGL\GUI\lvgl\src\extra\layouts\flex\lv_flex.c: 3 warnings, 0 errors
compiling lv_grid.c...
..\Middlewares\LVGL\GUI\lvgl\src\extra\layouts\grid\lv_grid.c(134): warning:  #188-D: enumerated type mixed with another type
      LV_STYLE_GRID_COLUMN_DSC_ARRAY = lv_style_register_prop() | LV_STYLE_PROP_LAYOUT_REFR;
..\Middlewares\LVGL\GUI\lvgl\src\extra\layouts\grid\lv_grid.c(135): warning:  #188-D: enumerated type mixed with another type
      LV_STYLE_GRID_ROW_DSC_ARRAY = lv_style_register_prop() | LV_STYLE_PROP_LAYOUT_REFR;
..\Middlewares\LVGL\GUI\lvgl\src\extra\layouts\grid\lv_grid.c(136): warning:  #188-D: enumerated type mixed with another type
      LV_STYLE_GRID_COLUMN_ALIGN = lv_style_register_prop() | LV_STYLE_PROP_LAYOUT_REFR;
..\Middlewares\LVGL\GUI\lvgl\src\extra\layouts\grid\lv_grid.c(137): warning:  #188-D: enumerated type mixed with another type
      LV_STYLE_GRID_ROW_ALIGN = lv_style_register_prop() | LV_STYLE_PROP_LAYOUT_REFR;
..\Middlewares\LVGL\GUI\lvgl\src\extra\layouts\grid\lv_grid.c(139): warning:  #188-D: enumerated type mixed with another type
      LV_STYLE_GRID_CELL_ROW_SPAN = lv_style_register_prop() | LV_STYLE_PROP_LAYOUT_REFR;
..\Middlewares\LVGL\GUI\lvgl\src\extra\layouts\grid\lv_grid.c(140): warning:  #188-D: enumerated type mixed with another type
      LV_STYLE_GRID_CELL_ROW_POS = lv_style_register_prop() | LV_STYLE_PROP_LAYOUT_REFR;
..\Middlewares\LVGL\GUI\lvgl\src\extra\layouts\grid\lv_grid.c(141): warning:  #188-D: enumerated type mixed with another type
      LV_STYLE_GRID_CELL_COLUMN_SPAN = lv_style_register_prop() | LV_STYLE_PROP_LAYOUT_REFR;
..\Middlewares\LVGL\GUI\lvgl\src\extra\layouts\grid\lv_grid.c(142): warning:  #188-D: enumerated type mixed with another type
      LV_STYLE_GRID_CELL_COLUMN_POS = lv_style_register_prop() | LV_STYLE_PROP_LAYOUT_REFR;
..\Middlewares\LVGL\GUI\lvgl\src\extra\layouts\grid\lv_grid.c(143): warning:  #188-D: enumerated type mixed with another type
      LV_STYLE_GRID_CELL_X_ALIGN = lv_style_register_prop() | LV_STYLE_PROP_LAYOUT_REFR;
..\Middlewares\LVGL\GUI\lvgl\src\extra\layouts\grid\lv_grid.c(144): warning:  #188-D: enumerated type mixed with another type
      LV_STYLE_GRID_CELL_Y_ALIGN = lv_style_register_prop() | LV_STYLE_PROP_LAYOUT_REFR;
..\Middlewares\LVGL\GUI\lvgl\src\extra\layouts\grid\lv_grid.c(589): warning:  #188-D: enumerated type mixed with another type
      lv_grid_align_t col_align = get_cell_col_align(item);
..\Middlewares\LVGL\GUI\lvgl\src\extra\layouts\grid\lv_grid.c(590): warning:  #188-D: enumerated type mixed with another type
      lv_grid_align_t row_align = get_cell_row_align(item);
..\Middlewares\LVGL\GUI\lvgl\src\extra\layouts\grid\lv_grid.c: 12 warnings, 0 errors
compiling lv_draw_sw_rect.c...
..\Middlewares\LVGL\GUI\lvgl\src\draw\sw\lv_draw_sw_rect.c(239): warning:  #546-D: transfer of control bypasses initialization of:
            variable "mask_any_center"  (declared at line 286)
          goto bg_clean_up;
          ^
..\Middlewares\LVGL\GUI\lvgl\src\draw\sw\lv_draw_sw_rect.c: 1 warning, 0 errors
compiling lv_table.c...
compiling lv_port_disp.c...
linking...
Program Size: Code=200432 RO-data=267944 RW-data=2656 ZI-data=101968  
FromELF: creating hex file...
"Hello_Watch\Hello_Watch.axf" - 0 Error(s), 197 Warning(s).

<h2>Software Packages used:</h2>

Package Vendor: ARM
                http://www.keil.com/pack/ARM.CMSIS.5.9.0.pack
                ARM::CMSIS@5.9.0
                CMSIS (Common Microcontroller Software Interface Standard)
   * Component: CORE Version: 5.6.0

Package Vendor: Keil
                https://www.keil.com/pack/Keil.STM32F4xx_DFP.3.1.0.pack
                Keil::STM32F4xx_DFP@3.1.0
                STMicroelectronics STM32F4 Series Device Support

<h2>Collection of Component include folders:</h2>
  ./RTE/_Hello_Watch
  D:/Keil5/ARM/CMSIS/5.9.0/CMSIS/Core/Include

<h2>Collection of Component Files used:</h2>

   * Component: ARM::CMSIS:CORE@5.6.0
      Include file:  CMSIS/Core/Include/tz_context.h
Build Time Elapsed:  00:00:09
</pre>
</body>
</html>
