<html>
<body>
<pre>
<h1>µVision Build Log</h1>
<h2>Tool Versions:</h2>
IDE-Version: ¦ÌVision V5.39.0.0
Copyright (C) 2023 ARM Ltd and ARM Germany GmbH. All rights reserved.
License Information: 1 2654144908@qq.com, 2, LIC=UJWP0-BJ00X-AR3XW-Q22DN-C4LU6-97SQS
 
Tool Versions:
Toolchain:       MDK-ARM Plus  Version: 5.39.0.0
Toolchain Path:  D:\Keil5\ARM\ARMCC\Bin
C Compiler:      Armcc.exe V5.06 update 5 (build 528)
Assembler:       Armasm.exe V5.06 update 5 (build 528)
Linker/Locator:  ArmLink.exe V5.06 update 5 (build 528)
Library Manager: ArmAr.exe V5.06 update 5 (build 528)
Hex Converter:   FromElf.exe V5.06 update 5 (build 528)
CPU DLL:         SARMCM3.DLL V5.39.0.0
Dialog DLL:      DCM.DLL V1.17.5.0
Target DLL:      STLink\ST-LINKIII-KEIL_SWO.dll V3.2.0.0
Dialog DLL:      TCM.DLL V1.56.4.0
 
<h2>Project:</h2>
D:\Watch_Project\IAP_Hello\MDK-ARM\IAP_Hello.uvprojx
Project File Date:  01/11/2026

<h2>Output:</h2>
*** Using Compiler 'V5.06 update 5 (build 528)', folder: 'D:\Keil5\ARM\ARMCC\Bin'
Rebuild target 'IAP_Hello'
assembling startup_stm32f411xe.s...
compiling usart.c...
compiling stm32f4xx_hal_rcc_ex.c...
compiling stm32f4xx_hal_flash_ex.c...
compiling stm32f4xx_it.c...
compiling stm32f4xx_hal_flash_ramfunc.c...
compiling stm32f4xx_hal_rcc.c...
compiling stm32f4xx_hal_msp.c...
compiling spi.c...
compiling stm32f4xx_hal_adc_ex.c...
compiling stm32f4xx_hal_pwr.c...
compiling stm32f4xx_hal_gpio.c...
compiling gpio.c...
compiling tim.c...
compiling adc.c...
compiling stm32f4xx_hal_pwr_ex.c...
compiling stm32f4xx_hal_exti.c...
compiling stm32f4xx_hal.c...
compiling main.c...
../Core/Src/main.c(155): warning:  #177-D: variable "str_flag"  was declared but never referenced
      char *str_flag;
../Core/Src/main.c: 1 warning, 0 errors
compiling stm32f4xx_hal_cortex.c...
compiling stm32f4xx_hal_adc.c...
compiling stm32f4xx_hal_flash.c...
compiling stm32f4xx_hal_dma_ex.c...
compiling stm32f4xx_hal_dma.c...
compiling Key.c...
compiling KT6328.c...
compiling system_stm32f4xx.c...
compiling power.c...
..\BSP\POWER\power.c(90): warning:  #1035-D: single-precision operand implicitly converted to double-precision
  	if((voltage >= 4.2))
..\BSP\POWER\power.c(92): warning:  #1035-D: single-precision operand implicitly converted to double-precision
  	else if(voltage >= 4.06 && voltage <4.2)
..\BSP\POWER\power.c(92): warning:  #1035-D: single-precision operand implicitly converted to double-precision
  	else if(voltage >= 4.06 && voltage <4.2)
..\BSP\POWER\power.c(94): warning:  #1035-D: single-precision operand implicitly converted to double-precision
  	else if(voltage >= 3.98 && voltage <4.06)
..\BSP\POWER\power.c(94): warning:  #1035-D: single-precision operand implicitly converted to double-precision
  	else if(voltage >= 3.98 && voltage <4.06)
..\BSP\POWER\power.c(96): warning:  #1035-D: single-precision operand implicitly converted to double-precision
  	else if(voltage >= 3.92 && voltage <3.98)
..\BSP\POWER\power.c(96): warning:  #1035-D: single-precision operand implicitly converted to double-precision
  	else if(voltage >= 3.92 && voltage <3.98)
..\BSP\POWER\power.c(98): warning:  #1035-D: single-precision operand implicitly converted to double-precision
  	else if(voltage >= 3.87 && voltage <3.92)
..\BSP\POWER\power.c(98): warning:  #1035-D: single-precision operand implicitly converted to double-precision
  	else if(voltage >= 3.87 && voltage <3.92)
..\BSP\POWER\power.c(100): warning:  #1035-D: single-precision operand implicitly converted to double-precision
  	else if(voltage >= 3.82 && voltage <3.87)
..\BSP\POWER\power.c(100): warning:  #1035-D: single-precision operand implicitly converted to double-precision
  	else if(voltage >= 3.82 && voltage <3.87)
..\BSP\POWER\power.c(102): warning:  #1035-D: single-precision operand implicitly converted to double-precision
  	else if(voltage >= 3.79 && voltage <3.82)
..\BSP\POWER\power.c(102): warning:  #1035-D: single-precision operand implicitly converted to double-precision
  	else if(voltage >= 3.79 && voltage <3.82)
..\BSP\POWER\power.c(104): warning:  #1035-D: single-precision operand implicitly converted to double-precision
  	else if(voltage >= 3.77 && voltage <3.79)
..\BSP\POWER\power.c(104): warning:  #1035-D: single-precision operand implicitly converted to double-precision
  	else if(voltage >= 3.77 && voltage <3.79)
..\BSP\POWER\power.c(106): warning:  #1035-D: single-precision operand implicitly converted to double-precision
  	else if(voltage >= 3.74 && voltage <3.77)
..\BSP\POWER\power.c(106): warning:  #1035-D: single-precision operand implicitly converted to double-precision
  	else if(voltage >= 3.74 && voltage <3.77)
..\BSP\POWER\power.c(108): warning:  #1035-D: single-precision operand implicitly converted to double-precision
  	else if(voltage >= 3.68 && voltage <3.74)
..\BSP\POWER\power.c(108): warning:  #1035-D: single-precision operand implicitly converted to double-precision
  	else if(voltage >= 3.68 && voltage <3.74)
..\BSP\POWER\power.c(110): warning:  #1035-D: single-precision operand implicitly converted to double-precision
  	else if(voltage >= 3.45 && voltage <3.68)
..\BSP\POWER\power.c(110): warning:  #1035-D: single-precision operand implicitly converted to double-precision
  	else if(voltage >= 3.45 && voltage <3.68)
..\BSP\POWER\power.c: 21 warnings, 0 errors
compiling stm32f4xx_hal_spi.c...
compiling lcd_init.c...
compiling lcd.c...
compiling stm32f4xx_hal_tim_ex.c...
compiling delay.c...
compiling stm32f4xx_hal_uart.c...
compiling ymodem.c...
compiling flash_if.c...
compiling common.c...
compiling menu.c...
compiling stm32f4xx_hal_tim.c...
linking...
Program Size: Code=12716 RO-data=15616 RW-data=36 ZI-data=2644  
FromELF: creating hex file...
"IAP_Hello\IAP_Hello.axf" - 0 Error(s), 22 Warning(s).

<h2>Software Packages used:</h2>

Package Vendor: ARM
                http://www.keil.com/pack/ARM.CMSIS.5.9.0.pack
                ARM::CMSIS@5.9.0
                CMSIS (Common Microcontroller Software Interface Standard)
   * Component: CORE Version: 5.6.0

Package Vendor: Keil
                https://www.keil.com/pack/Keil.STM32F4xx_DFP.3.1.0.pack
                Keil::STM32F4xx_DFP@3.1.0
                STMicroelectronics STM32F4 Series Device Support

<h2>Collection of Component include folders:</h2>
  ./RTE/_IAP_Hello
  D:/Keil5/ARM/CMSIS/5.9.0/CMSIS/Core/Include

<h2>Collection of Component Files used:</h2>

   * Component: ARM::CMSIS:CORE@5.6.0
      Include file:  CMSIS/Core/Include/tz_context.h
Build Time Elapsed:  00:00:05
</pre>
</body>
</html>
